// Vitest Snapshot v1, https://vitest.dev/guide/snapshot.html

exports[`GrowthCalendarHarvest > matches snapshot 1`] = `
<DocumentFragment>
  <div
    class="calendar"
  >
    <div
      class="calendar-month "
    >
      янв.
    </div>
    <div
      class="calendar-month "
    >
      февр.
    </div>
    <div
      class="calendar-month "
    >
      март
    </div>
    <div
      class="calendar-month "
    >
      апр.
    </div>
    <div
      class="calendar-month "
    >
      май
    </div>
    <div
      class="calendar-month "
    >
      июнь
    </div>
    <div
      class="calendar-month "
    >
      июль
    </div>
    <div
      class="calendar-month "
    >
      авг.
    </div>
    <div
      class="calendar-month "
    >
      сент.
    </div>
    <div
      class="calendar-month "
    >
      окт.
    </div>
    <div
      class="calendar-month "
    >
      нояб.
    </div>
    <div
      class="calendar-month "
    >
      дек.
    </div>
  </div>
</DocumentFragment>
`;
